[2026-01-25 20:39:22] INFO: AuthService: Attempting login to http://localhost:3000/api/auth/login for user sysadmin
[2026-01-25 20:39:24] INFO: AuthService: Login response status: Unauthorized
[2026-01-25 20:39:24] ERROR: AuthService: Login failed with status Unauthorized: {"ok":false,"success":false,"error":{"code":"AUTH_INVALID","message":"Invalid credentials - DEBUG: hash_match=false, plain_match=false, pwd_len=8","debug":{"password_received":"\"sysadmin\" (length: 8)","password_hash_exists":true,"password_hash_length":64,"password_hash_preview":"8d969eef6ecad3c29a3a...","computed_hash":"d577adc54e95f42f15de...","hash_match":false,"plain_text_match":false},"details":{"password_received":"\"sysadmin\" (length: 8)","password_hash_exists":true,"password_hash_length":64,"password_hash_preview":"8d969eef6ecad3c29a3a...","computed_hash":"d577adc54e95f42f15de...","hash_match":false,"plain_text_match":false}},"debug":{"password_received":"\"sysadmin\" (length: 8)","password_hash_exists":true,"password_hash_length":64,"password_hash_preview":"8d969eef6ecad3c29a3a...","computed_hash":"d577adc54e95f42f15de...","hash_match":false,"plain_text_match":false}}
--------------------------------------------------------------------------------
[2026-01-25 20:39:30] INFO: AuthService: Attempting login to http://localhost:3000/api/auth/login for user sysadmin
[2026-01-25 20:39:32] INFO: AuthService: Login response status: OK
[2026-01-25 20:39:32] INFO: AuthService: Login successful for user sysadmin
[2026-01-25 20:39:53] INFO: RelocationSessionDetailWindow: Starting session with userId: SYSTEM (TODO: integrate with user authentication)
[2026-01-25 20:40:00] INFO: TransactionHistoryViewModel: Loading data with filters - FromDate: 2025-10-27, ToDate: 2026-01-26
[2026-01-25 20:40:00] INFO: TransactionHistoryService: Calling API: http://localhost:3000/api/transaction-history?from_date=2025-10-27&to_date=2026-01-26&limit=1000
[2026-01-25 20:40:02] INFO: TransactionHistoryService: API Response received (length: 59505)
[2026-01-25 20:40:02] INFO: TransactionHistoryService: API Response preview (first 1000 chars): {"ok":true,"data":[{"id":1897,"transaction_id":1775,"transaction_number":"TXN-20260125-01775","transaction_date":"2026-01-25T17:06:31.000Z","transaction_type":"Putaway","reference_doc_type":"Putaway Task","reference_doc":"PUT-20260125-0010","wms_transaction_title":null,"item_code":"SKU-HAT-301-GRN-OS","item_name":"Baseball Cap Green One Size","warehouse":"WH-MAIN","warehouse_name":"Main Warehouse","bin_location":"A1-R02-L2-B2","location_id":"A1-R02-L2-B2","carton_id":"CTN-TI-12347-20260125-200532-240","batch_no":null,"serial_no":null,"qty_change":10,"qty_before":0,"qty_after":10,"stock_direction":"IN","source_bin":"STAGE-01","target_bin":"A1-R02-L2-B2","performed_by":"USER-885536","performed_by_name":null,"notes":null,"reason_code":null,"status":null,"created_at":"2026-01-25T17:06:31.000Z"},{"id":1896,"transaction_id":1774,"transaction_number":"TXN-20260125-01774","transaction_date":"2026-01-25T17:06:31.000Z","transaction_type":"Putaway","reference_doc_type":"Putaway Task","reference_d
[2026-01-25 20:40:02] INFO: TransactionHistoryService: Data element type: Array, Array length: 78
[2026-01-25 20:40:02] INFO: TransactionHistoryService: Sample transaction from API (first 500 chars): {"id":1897,"transaction_id":1775,"transaction_number":"TXN-20260125-01775","transaction_date":"2026-01-25T17:06:31.000Z","transaction_type":"Putaway","reference_doc_type":"Putaway Task","reference_doc":"PUT-20260125-0010","wms_transaction_title":null,"item_code":"SKU-HAT-301-GRN-OS","item_name":"Baseball Cap Green One Size","warehouse":"WH-MAIN","warehouse_name":"Main Warehouse","bin_location":"A1-R02-L2-B2","location_id":"A1-R02-L2-B2","carton_id":"CTN-TI-12347-20260125-200532-240","batch_no":n
[2026-01-25 20:40:02] INFO: TransactionHistoryService: Deserialized first transaction - ID: 1897, TransactionNumber: TXN-20260125-01775, TransactionDate: 2026-01-25 17:06:31, ItemCode: SKU-HAT-301-GRN-OS, TransactionType: Putaway, QtyChange: 10, QtyBefore: 0, QtyAfter: 10
[2026-01-25 20:40:02] INFO: TransactionHistoryService: Parsed 78 transactions from API response
[2026-01-25 20:40:02] INFO: TransactionHistoryViewModel: Service returned 78 transactions
[2026-01-25 20:40:02] INFO: TransactionHistoryViewModel: Adding 78 transactions to collection on UI thread
[2026-01-25 20:40:02] INFO: TransactionHistoryViewModel: First transaction - ID: 1897, TransactionNumber: TXN-20260125-01775, TransactionDate: 2026-01-25 17:06:31, ItemCode: SKU-HAT-301-GRN-OS, TransactionType: Putaway
[2026-01-25 20:40:02] INFO: TransactionHistoryViewModel: Added 78 transactions to ObservableCollection on UI thread
[2026-01-25 20:40:02] INFO: TransactionHistoryViewModel: Loaded 78 transactions into UI collection
