[2026-01-21 14:28:07] INFO: TransactionHistoryViewModel: Loading data with filters - FromDate: 2025-10-23, ToDate: 2026-01-22
[2026-01-21 14:28:07] INFO: TransactionHistoryService: Calling API: http://localhost:3000/api/transaction-history?from_date=2025-10-23&to_date=2026-01-22&limit=1000
[2026-01-21 14:28:09] INFO: TransactionHistoryService: API Response received (length: 3103)
[2026-01-21 14:28:09] INFO: TransactionHistoryService: API Response preview (first 1000 chars): {"ok":true,"data":[{"id":22,"transaction_id":176899361840153,"transaction_number":"TRX-PUT-1768993618400-90","transaction_date":"2026-01-21T11:06:58.000Z","transaction_type":"Putaway","reference_doc_type":null,"reference_doc":"PUT-20260121-0001","wms_transaction_title":null,"item_code":"SKU-HAT-301-GRN-OS","item_name":"Baseball Cap Green One Size","warehouse":"WH-MAIN","warehouse_name":null,"bin_location":"A1-R01-L4-B1","location_id":"A1-R01-L4-B1","carton_id":"CTN-TI-123457-20260121-140627-708","batch_no":null,"serial_no":null,"qty_change":2,"qty_before":0,"qty_after":2,"stock_direction":"IN","source_bin":null,"target_bin":null,"performed_by":"USER-402498","performed_by_name":null,"notes":null,"reason_code":null,"status":null,"created_at":"2026-01-21T11:06:58.000Z"},{"id":21,"transaction_id":16,"transaction_number":"TXN-20260121-00016","transaction_date":"2026-01-21T11:06:58.000Z","transaction_type":"Putaway","reference_doc_type":"Putaway Task","reference_doc":"PUT-20260121-0001","wms
[2026-01-21 14:28:09] INFO: TransactionHistoryService: Data element type: Array, Array length: 4
[2026-01-21 14:28:09] INFO: TransactionHistoryService: Sample transaction from API (first 500 chars): {"id":22,"transaction_id":176899361840153,"transaction_number":"TRX-PUT-1768993618400-90","transaction_date":"2026-01-21T11:06:58.000Z","transaction_type":"Putaway","reference_doc_type":null,"reference_doc":"PUT-20260121-0001","wms_transaction_title":null,"item_code":"SKU-HAT-301-GRN-OS","item_name":"Baseball Cap Green One Size","warehouse":"WH-MAIN","warehouse_name":null,"bin_location":"A1-R01-L4-B1","location_id":"A1-R01-L4-B1","carton_id":"CTN-TI-123457-20260121-140627-708","batch_no":null,"s
[2026-01-21 14:28:09] INFO: TransactionHistoryService: Deserialized first transaction - ID: 22, TransactionNumber: TRX-PUT-1768993618400-90, TransactionDate: 2026-01-21 11:06:58, ItemCode: SKU-HAT-301-GRN-OS, TransactionType: Putaway, QtyChange: 2, QtyBefore: 0, QtyAfter: 2
[2026-01-21 14:28:09] INFO: TransactionHistoryService: Parsed 4 transactions from API response
[2026-01-21 14:28:09] INFO: TransactionHistoryViewModel: Service returned 4 transactions
[2026-01-21 14:28:09] INFO: TransactionHistoryViewModel: Adding 4 transactions to collection on UI thread
[2026-01-21 14:28:09] INFO: TransactionHistoryViewModel: First transaction - ID: 22, TransactionNumber: TRX-PUT-1768993618400-90, TransactionDate: 2026-01-21 11:06:58, ItemCode: SKU-HAT-301-GRN-OS, TransactionType: Putaway
[2026-01-21 14:28:09] INFO: TransactionHistoryViewModel: Added 4 transactions to ObservableCollection on UI thread
[2026-01-21 14:28:09] INFO: TransactionHistoryViewModel: Loaded 4 transactions into UI collection
[2026-01-21 14:28:09] INFO: TransactionHistoryViewModel: Loading data with filters - FromDate: null, ToDate: null
[2026-01-21 14:28:09] INFO: TransactionHistoryService: Calling API: http://localhost:3000/api/transaction-history?limit=1000
[2026-01-21 14:28:11] INFO: TransactionHistoryService: API Response received (length: 3103)
[2026-01-21 14:28:11] INFO: TransactionHistoryService: API Response preview (first 1000 chars): {"ok":true,"data":[{"id":22,"transaction_id":176899361840153,"transaction_number":"TRX-PUT-1768993618400-90","transaction_date":"2026-01-21T11:06:58.000Z","transaction_type":"Putaway","reference_doc_type":null,"reference_doc":"PUT-20260121-0001","wms_transaction_title":null,"item_code":"SKU-HAT-301-GRN-OS","item_name":"Baseball Cap Green One Size","warehouse":"WH-MAIN","warehouse_name":null,"bin_location":"A1-R01-L4-B1","location_id":"A1-R01-L4-B1","carton_id":"CTN-TI-123457-20260121-140627-708","batch_no":null,"serial_no":null,"qty_change":2,"qty_before":0,"qty_after":2,"stock_direction":"IN","source_bin":null,"target_bin":null,"performed_by":"USER-402498","performed_by_name":null,"notes":null,"reason_code":null,"status":null,"created_at":"2026-01-21T11:06:58.000Z"},{"id":21,"transaction_id":16,"transaction_number":"TXN-20260121-00016","transaction_date":"2026-01-21T11:06:58.000Z","transaction_type":"Putaway","reference_doc_type":"Putaway Task","reference_doc":"PUT-20260121-0001","wms
[2026-01-21 14:28:11] INFO: TransactionHistoryService: Data element type: Array, Array length: 4
[2026-01-21 14:28:11] INFO: TransactionHistoryService: Sample transaction from API (first 500 chars): {"id":22,"transaction_id":176899361840153,"transaction_number":"TRX-PUT-1768993618400-90","transaction_date":"2026-01-21T11:06:58.000Z","transaction_type":"Putaway","reference_doc_type":null,"reference_doc":"PUT-20260121-0001","wms_transaction_title":null,"item_code":"SKU-HAT-301-GRN-OS","item_name":"Baseball Cap Green One Size","warehouse":"WH-MAIN","warehouse_name":null,"bin_location":"A1-R01-L4-B1","location_id":"A1-R01-L4-B1","carton_id":"CTN-TI-123457-20260121-140627-708","batch_no":null,"s
[2026-01-21 14:28:11] INFO: TransactionHistoryService: Deserialized first transaction - ID: 22, TransactionNumber: TRX-PUT-1768993618400-90, TransactionDate: 2026-01-21 11:06:58, ItemCode: SKU-HAT-301-GRN-OS, TransactionType: Putaway, QtyChange: 2, QtyBefore: 0, QtyAfter: 2
[2026-01-21 14:28:11] INFO: TransactionHistoryService: Parsed 4 transactions from API response
[2026-01-21 14:28:11] INFO: TransactionHistoryViewModel: Service returned 4 transactions
[2026-01-21 14:28:11] INFO: TransactionHistoryViewModel: Adding 4 transactions to collection on UI thread
[2026-01-21 14:28:11] INFO: TransactionHistoryViewModel: First transaction - ID: 22, TransactionNumber: TRX-PUT-1768993618400-90, TransactionDate: 2026-01-21 11:06:58, ItemCode: SKU-HAT-301-GRN-OS, TransactionType: Putaway
[2026-01-21 14:28:11] INFO: TransactionHistoryViewModel: Added 4 transactions to ObservableCollection on UI thread
[2026-01-21 14:28:11] INFO: TransactionHistoryViewModel: Loaded 4 transactions into UI collection
[2026-01-21 14:28:34] INFO: ItemLocationBreakdownViewModel: Refreshing location data for SKU-HAT-301-BLU-OS using API
[2026-01-21 14:28:34] INFO: ItemLocationBreakdownViewModel: Loading location data for SKU-HAT-301-BLU-OS, trying warehouses: WH-MAIN, Main Warehouse, WH-Main
[2026-01-21 14:28:34] INFO: ItemLocationStockService: Calling API: http://localhost:3000/api/stock/item/SKU-HAT-301-BLU-OS/warehouse/WH-MAIN?format=grouped
[2026-01-21 14:28:36] INFO: ItemLocationStockService: API Response received (length: 692)
[2026-01-21 14:28:36] INFO: ItemLocationStockService: API Response preview (first 500 chars): [{"item_code":"SKU-HAT-301-BLU-OS","warehouse":"WH-MAIN","bin_location":"A1-R01-L4-B1","location_id":"A1-R01-L4-B1","zone":"Zone A","aisle":"Aisle 01","rack":"Rack 01","level":"4","bin":"B1","carton_id":"CTN-TI-123457-20260121-140627-708","cartons":[{"carton_id":"CTN-TI-123457-20260121-140627-708","qty":2,"status":"PUTAWAY"}],"total_qty":2,"reserved_qty":0,"blocked_qty":0,"available_qty":2,"calculation_log":["Calculation: 2 (total) - 0 (reserved) - 0 (blocked) = 2 (available)"],"last_transaction
[2026-01-21 14:28:36] INFO: ItemLocationStockService: Received 1 location(s) from API
[2026-01-21 14:28:36] INFO: ItemLocationStockService: First location - BinLocation: A1-R01-L4-B1, LocationId: A1-R01-L4-B1, TotalQty: 2, AvailableQty: 2, Cartons: 1
[2026-01-21 14:28:36] INFO: ItemLocationBreakdownViewModel: Found 1 location(s) in warehouse 'WH-MAIN' via API
[2026-01-21 14:28:36] INFO: ItemLocationBreakdownViewModel: Processing 1 location(s) from API for SKU-HAT-301-BLU-OS in warehouse 'WH-MAIN'
[2026-01-21 14:28:36] INFO: ItemLocationBreakdownViewModel: First location from API - BinLocation: A1-R01-L4-B1, LocationId: A1-R01-L4-B1, TotalQty: 2, AvailableQty: 2, Cartons: 1
[2026-01-21 14:28:36] INFO: ItemLocationBreakdownViewModel: Processed 1 location detail(s) from API
[2026-01-21 14:28:36] INFO: ItemLocationBreakdownViewModel: Cleared locations collection, current count: 0
[2026-01-21 14:28:36] INFO: ItemLocationBreakdownViewModel: Added location A1-R01-L4-B1 (Zone: Zone A, Rack: Rack 01, Bin: B1, Carton: CTN-TI-123457-20260121-140627-708, Available Qty: 2)
[2026-01-21 14:28:36] INFO: ItemLocationBreakdownViewModel: Final count - Added 1 locations, Total Available Qty: 2, Collection Count: 1
[2026-01-21 14:29:20] INFO: TransactionHistoryViewModel: Loading data with filters - FromDate: 2025-10-23, ToDate: 2026-01-22
[2026-01-21 14:29:20] INFO: TransactionHistoryService: Calling API: http://localhost:3000/api/transaction-history?from_date=2025-10-23&to_date=2026-01-22&limit=1000
[2026-01-21 14:29:22] INFO: TransactionHistoryService: API Response received (length: 3103)
[2026-01-21 14:29:22] INFO: TransactionHistoryService: API Response preview (first 1000 chars): {"ok":true,"data":[{"id":22,"transaction_id":176899361840153,"transaction_number":"TRX-PUT-1768993618400-90","transaction_date":"2026-01-21T11:06:58.000Z","transaction_type":"Putaway","reference_doc_type":null,"reference_doc":"PUT-20260121-0001","wms_transaction_title":null,"item_code":"SKU-HAT-301-GRN-OS","item_name":"Baseball Cap Green One Size","warehouse":"WH-MAIN","warehouse_name":null,"bin_location":"A1-R01-L4-B1","location_id":"A1-R01-L4-B1","carton_id":"CTN-TI-123457-20260121-140627-708","batch_no":null,"serial_no":null,"qty_change":2,"qty_before":0,"qty_after":2,"stock_direction":"IN","source_bin":null,"target_bin":null,"performed_by":"USER-402498","performed_by_name":null,"notes":null,"reason_code":null,"status":null,"created_at":"2026-01-21T11:06:58.000Z"},{"id":21,"transaction_id":16,"transaction_number":"TXN-20260121-00016","transaction_date":"2026-01-21T11:06:58.000Z","transaction_type":"Putaway","reference_doc_type":"Putaway Task","reference_doc":"PUT-20260121-0001","wms
[2026-01-21 14:29:22] INFO: TransactionHistoryService: Data element type: Array, Array length: 4
[2026-01-21 14:29:22] INFO: TransactionHistoryService: Sample transaction from API (first 500 chars): {"id":22,"transaction_id":176899361840153,"transaction_number":"TRX-PUT-1768993618400-90","transaction_date":"2026-01-21T11:06:58.000Z","transaction_type":"Putaway","reference_doc_type":null,"reference_doc":"PUT-20260121-0001","wms_transaction_title":null,"item_code":"SKU-HAT-301-GRN-OS","item_name":"Baseball Cap Green One Size","warehouse":"WH-MAIN","warehouse_name":null,"bin_location":"A1-R01-L4-B1","location_id":"A1-R01-L4-B1","carton_id":"CTN-TI-123457-20260121-140627-708","batch_no":null,"s
[2026-01-21 14:29:22] INFO: TransactionHistoryService: Deserialized first transaction - ID: 22, TransactionNumber: TRX-PUT-1768993618400-90, TransactionDate: 2026-01-21 11:06:58, ItemCode: SKU-HAT-301-GRN-OS, TransactionType: Putaway, QtyChange: 2, QtyBefore: 0, QtyAfter: 2
[2026-01-21 14:29:22] INFO: TransactionHistoryService: Parsed 4 transactions from API response
[2026-01-21 14:29:22] INFO: TransactionHistoryViewModel: Service returned 4 transactions
[2026-01-21 14:29:22] INFO: TransactionHistoryViewModel: Adding 4 transactions to collection on UI thread
[2026-01-21 14:29:22] INFO: TransactionHistoryViewModel: First transaction - ID: 22, TransactionNumber: TRX-PUT-1768993618400-90, TransactionDate: 2026-01-21 11:06:58, ItemCode: SKU-HAT-301-GRN-OS, TransactionType: Putaway
[2026-01-21 14:29:22] INFO: TransactionHistoryViewModel: Added 4 transactions to ObservableCollection on UI thread
[2026-01-21 14:29:22] INFO: TransactionHistoryViewModel: Loaded 4 transactions into UI collection
[2026-01-21 14:31:42] INFO: TransactionHistoryViewModel: Loading data with filters - FromDate: 2025-10-23, ToDate: 2026-01-22
[2026-01-21 14:31:42] INFO: TransactionHistoryService: Calling API: http://localhost:3000/api/transaction-history?from_date=2025-10-23&to_date=2026-01-22&limit=1000
[2026-01-21 14:31:44] INFO: TransactionHistoryService: API Response received (length: 31)
[2026-01-21 14:31:44] INFO: TransactionHistoryService: API Response preview (first 1000 chars): {"ok":true,"data":[],"count":0}
[2026-01-21 14:31:44] INFO: TransactionHistoryService: Data element type: Array, Array length: 0
[2026-01-21 14:31:44] ERROR: TransactionHistoryService: Deserialization returned null or empty list. transactions is null: False, count: 0
--------------------------------------------------------------------------------
[2026-01-21 14:31:44] INFO: TransactionHistoryService: Parsed 0 transactions from API response
[2026-01-21 14:31:44] INFO: TransactionHistoryViewModel: Service returned 0 transactions
[2026-01-21 14:31:44] INFO: TransactionHistoryViewModel: transactions is null or empty. transactions == null: False, count: 0
[2026-01-21 14:31:44] INFO: TransactionHistoryViewModel: No transactions found. Check API endpoint and filters.
[2026-01-21 14:34:32] INFO: TransactionHistoryViewModel: Loading data with filters - FromDate: 2025-10-23, ToDate: 2026-01-22
[2026-01-21 14:34:32] INFO: TransactionHistoryService: Calling API: http://localhost:3000/api/transaction-history?from_date=2025-10-23&to_date=2026-01-22&limit=1000
[2026-01-21 14:34:34] INFO: TransactionHistoryService: API Response received (length: 3104)
[2026-01-21 14:34:34] INFO: TransactionHistoryService: API Response preview (first 1000 chars): {"ok":true,"data":[{"id":26,"transaction_id":176899525122539,"transaction_number":"TRX-PUT-1768995251218-640","transaction_date":"2026-01-21T11:34:11.000Z","transaction_type":"Putaway","reference_doc_type":null,"reference_doc":"PUT-20260121-0001","wms_transaction_title":null,"item_code":"SKU-HAT-301-GRN-OS","item_name":"Baseball Cap Green One Size","warehouse":"WH-MAIN","warehouse_name":null,"bin_location":"A1-R02-L1-B2","location_id":"A1-R02-L1-B2","carton_id":"CTN-TI-123457-20260121-143334-608","batch_no":null,"serial_no":null,"qty_change":2,"qty_before":0,"qty_after":2,"stock_direction":"IN","source_bin":null,"target_bin":null,"performed_by":"USER-402498","performed_by_name":null,"notes":null,"reason_code":null,"status":null,"created_at":"2026-01-21T11:34:11.000Z"},{"id":25,"transaction_id":18,"transaction_number":"TXN-20260121-00018","transaction_date":"2026-01-21T11:34:11.000Z","transaction_type":"Putaway","reference_doc_type":"Putaway Task","reference_doc":"PUT-20260121-0001","wm
[2026-01-21 14:34:34] INFO: TransactionHistoryService: Data element type: Array, Array length: 4
[2026-01-21 14:34:34] INFO: TransactionHistoryService: Sample transaction from API (first 500 chars): {"id":26,"transaction_id":176899525122539,"transaction_number":"TRX-PUT-1768995251218-640","transaction_date":"2026-01-21T11:34:11.000Z","transaction_type":"Putaway","reference_doc_type":null,"reference_doc":"PUT-20260121-0001","wms_transaction_title":null,"item_code":"SKU-HAT-301-GRN-OS","item_name":"Baseball Cap Green One Size","warehouse":"WH-MAIN","warehouse_name":null,"bin_location":"A1-R02-L1-B2","location_id":"A1-R02-L1-B2","carton_id":"CTN-TI-123457-20260121-143334-608","batch_no":null,"
[2026-01-21 14:34:34] INFO: TransactionHistoryService: Deserialized first transaction - ID: 26, TransactionNumber: TRX-PUT-1768995251218-640, TransactionDate: 2026-01-21 11:34:11, ItemCode: SKU-HAT-301-GRN-OS, TransactionType: Putaway, QtyChange: 2, QtyBefore: 0, QtyAfter: 2
[2026-01-21 14:34:34] INFO: TransactionHistoryService: Parsed 4 transactions from API response
[2026-01-21 14:34:34] INFO: TransactionHistoryViewModel: Service returned 4 transactions
[2026-01-21 14:34:34] INFO: TransactionHistoryViewModel: Adding 4 transactions to collection on UI thread
[2026-01-21 14:34:34] INFO: TransactionHistoryViewModel: First transaction - ID: 26, TransactionNumber: TRX-PUT-1768995251218-640, TransactionDate: 2026-01-21 11:34:11, ItemCode: SKU-HAT-301-GRN-OS, TransactionType: Putaway
[2026-01-21 14:34:34] INFO: TransactionHistoryViewModel: Added 4 transactions to ObservableCollection on UI thread
[2026-01-21 14:34:34] INFO: TransactionHistoryViewModel: Loaded 4 transactions into UI collection
[2026-01-21 14:37:17] INFO: TransferCartonListView: Loaded event fired
[2026-01-21 14:37:17] INFO: TransferCartonListView: Calling RefreshAsync on ViewModel
[2026-01-21 14:37:17] INFO: TransferCartonListViewModel: Starting to load transfer cartons
[2026-01-21 14:37:17] INFO: Loading Transfer Cartons from database...
[2026-01-21 14:37:17] INFO: TransferCartonDataService: Starting schema detection
[2026-01-21 14:37:17] INFO: TransferCartonDataService: Found column 'asn_no'
[2026-01-21 14:37:17] INFO: TransferCartonDataService: Found column 'to_no'
[2026-01-21 14:37:17] INFO: TransferCartonDataService: Returning - AsnColumn=asn_no, ToColumn=to_no
[2026-01-21 14:37:17] INFO: Detected schema: AsnColumn=asn_no, ToColumn=to_no
[2026-01-21 14:37:17] INFO: Executing query: SELECT tc_id, status, asn_no, to_no, store, 
                               created_by, created_on, sealed_by, sealed_on, dispatched_on, remarks
                        FROM tabTransferCarton
                        ORDER BY created_on DESC, tc_id
[2026-01-21 14:37:17] INFO: Loaded 0 transfer cartons from database
[2026-01-21 14:37:17] INFO: TransferCartonListViewModel: Received 0 transfer cartons from service
[2026-01-21 14:37:17] INFO: TransferCartonListViewModel: Added 0 transfer cartons to collection
[2026-01-21 14:37:17] INFO: TransferCartonListView: RefreshAsync completed
[2026-01-21 14:38:23] INFO: TransactionHistoryViewModel: Loading data with filters - FromDate: 2025-10-23, ToDate: 2026-01-22
[2026-01-21 14:38:23] INFO: TransactionHistoryService: Calling API: http://localhost:3000/api/transaction-history?from_date=2025-10-23&to_date=2026-01-22&limit=1000
[2026-01-21 14:38:25] INFO: TransactionHistoryService: API Response received (length: 1585)
[2026-01-21 14:38:25] INFO: TransactionHistoryService: API Response preview (first 1000 chars): {"ok":true,"data":[{"id":28,"transaction_id":20,"transaction_number":"TXN-20260121-00020","transaction_date":"2026-01-21T11:38:07.000Z","transaction_type":"Putaway","reference_doc_type":"Putaway Task","reference_doc":"PUT-20260121-0001","wms_transaction_title":null,"item_code":"SKU-HAT-301-GRN-OS","item_name":"Baseball Cap Green One Size","warehouse":"WH-MAIN","warehouse_name":"Main Warehouse","bin_location":"A1-R01-L4-B1","location_id":"A1-R01-L4-B1","carton_id":"CTN-TI-123457-20260121-143733-370","batch_no":null,"serial_no":null,"qty_change":2,"qty_before":0,"qty_after":2,"stock_direction":"IN","source_bin":"STAGE-01","target_bin":"A1-R01-L4-B1","performed_by":"USER-402498","performed_by_name":null,"notes":null,"reason_code":null,"status":null,"created_at":"2026-01-21T11:38:07.000Z"},{"id":27,"transaction_id":19,"transaction_number":"TXN-20260121-00019","transaction_date":"2026-01-21T11:38:07.000Z","transaction_type":"Putaway","reference_doc_type":"Putaway Task","reference_doc":"PUT-
[2026-01-21 14:38:25] INFO: TransactionHistoryService: Data element type: Array, Array length: 2
[2026-01-21 14:38:25] INFO: TransactionHistoryService: Sample transaction from API (first 500 chars): {"id":28,"transaction_id":20,"transaction_number":"TXN-20260121-00020","transaction_date":"2026-01-21T11:38:07.000Z","transaction_type":"Putaway","reference_doc_type":"Putaway Task","reference_doc":"PUT-20260121-0001","wms_transaction_title":null,"item_code":"SKU-HAT-301-GRN-OS","item_name":"Baseball Cap Green One Size","warehouse":"WH-MAIN","warehouse_name":"Main Warehouse","bin_location":"A1-R01-L4-B1","location_id":"A1-R01-L4-B1","carton_id":"CTN-TI-123457-20260121-143733-370","batch_no":null
[2026-01-21 14:38:25] INFO: TransactionHistoryService: Deserialized first transaction - ID: 28, TransactionNumber: TXN-20260121-00020, TransactionDate: 2026-01-21 11:38:07, ItemCode: SKU-HAT-301-GRN-OS, TransactionType: Putaway, QtyChange: 2, QtyBefore: 0, QtyAfter: 2
[2026-01-21 14:38:25] INFO: TransactionHistoryService: Parsed 2 transactions from API response
[2026-01-21 14:38:25] INFO: TransactionHistoryViewModel: Service returned 2 transactions
[2026-01-21 14:38:25] INFO: TransactionHistoryViewModel: Adding 2 transactions to collection on UI thread
[2026-01-21 14:38:25] INFO: TransactionHistoryViewModel: First transaction - ID: 28, TransactionNumber: TXN-20260121-00020, TransactionDate: 2026-01-21 11:38:07, ItemCode: SKU-HAT-301-GRN-OS, TransactionType: Putaway
[2026-01-21 14:38:25] INFO: TransactionHistoryViewModel: Added 2 transactions to ObservableCollection on UI thread
[2026-01-21 14:38:25] INFO: TransactionHistoryViewModel: Loaded 2 transactions into UI collection
[2026-01-21 14:40:58] INFO: TransactionHistoryViewModel: Loading data with filters - FromDate: 2025-10-23, ToDate: 2026-01-22
[2026-01-21 14:40:58] INFO: TransactionHistoryService: Calling API: http://localhost:3000/api/transaction-history?from_date=2025-10-23&to_date=2026-01-22&limit=1000
[2026-01-21 14:41:00] INFO: TransactionHistoryService: API Response received (length: 4674)
[2026-01-21 14:41:00] INFO: TransactionHistoryService: API Response preview (first 1000 chars): {"ok":true,"data":[{"id":32,"transaction_id":24,"transaction_number":"TXN-20260121-00024","transaction_date":"2026-01-21T11:40:45.000Z","transaction_type":"CycleCount","reference_doc_type":"Cycle Count Task","reference_doc":"CC-A1-R02-L2-B2-MKNY9ZJY","wms_transaction_title":null,"item_code":"SKU-JACKET-201-BLK-L","item_name":"Winter Jacket Black L","warehouse":"WH-MAIN","warehouse_name":"Main Warehouse","bin_location":"A1-R02-L2-B2","location_id":"A1-R02-L2-B2","carton_id":"CTN-555444","batch_no":null,"serial_no":null,"qty_change":100,"qty_before":0,"qty_after":100,"stock_direction":"IN","source_bin":"A1-R02-L2-B2","target_bin":"A1-R02-L2-B2","performed_by":"USER-402498","performed_by_name":null,"notes":null,"reason_code":null,"status":null,"created_at":"2026-01-21T11:40:45.000Z"},{"id":31,"transaction_id":23,"transaction_number":"TXN-20260121-00023","transaction_date":"2026-01-21T11:40:45.000Z","transaction_type":"CycleCount","reference_doc_type":"Cycle Count Task","reference_doc":"CC
[2026-01-21 14:41:00] INFO: TransactionHistoryService: Data element type: Array, Array length: 6
[2026-01-21 14:41:00] INFO: TransactionHistoryService: Sample transaction from API (first 500 chars): {"id":32,"transaction_id":24,"transaction_number":"TXN-20260121-00024","transaction_date":"2026-01-21T11:40:45.000Z","transaction_type":"CycleCount","reference_doc_type":"Cycle Count Task","reference_doc":"CC-A1-R02-L2-B2-MKNY9ZJY","wms_transaction_title":null,"item_code":"SKU-JACKET-201-BLK-L","item_name":"Winter Jacket Black L","warehouse":"WH-MAIN","warehouse_name":"Main Warehouse","bin_location":"A1-R02-L2-B2","location_id":"A1-R02-L2-B2","carton_id":"CTN-555444","batch_no":null,"serial_no":
[2026-01-21 14:41:00] INFO: TransactionHistoryService: Deserialized first transaction - ID: 32, TransactionNumber: TXN-20260121-00024, TransactionDate: 2026-01-21 11:40:45, ItemCode: SKU-JACKET-201-BLK-L, TransactionType: CycleCount, QtyChange: 100, QtyBefore: 0, QtyAfter: 100
[2026-01-21 14:41:00] INFO: TransactionHistoryService: Parsed 6 transactions from API response
[2026-01-21 14:41:00] INFO: TransactionHistoryViewModel: Service returned 6 transactions
[2026-01-21 14:41:00] INFO: TransactionHistoryViewModel: Adding 6 transactions to collection on UI thread
[2026-01-21 14:41:00] INFO: TransactionHistoryViewModel: First transaction - ID: 32, TransactionNumber: TXN-20260121-00024, TransactionDate: 2026-01-21 11:40:45, ItemCode: SKU-JACKET-201-BLK-L, TransactionType: CycleCount
[2026-01-21 14:41:00] INFO: TransactionHistoryViewModel: Added 6 transactions to ObservableCollection on UI thread
[2026-01-21 14:41:00] INFO: TransactionHistoryViewModel: Loaded 6 transactions into UI collection
[2026-01-21 14:52:45] INFO: ItemLocationBreakdownViewModel: Refreshing location data for SKU-HAT-301-RED-OS using API
[2026-01-21 14:52:45] INFO: ItemLocationBreakdownViewModel: Loading location data for SKU-HAT-301-RED-OS, trying warehouses: WH-MAIN, Main Warehouse, WH-Main
[2026-01-21 14:52:45] INFO: ItemLocationStockService: Calling API: http://localhost:3000/api/stock/item/SKU-HAT-301-RED-OS/warehouse/WH-MAIN?format=grouped
[2026-01-21 14:52:47] INFO: ItemLocationStockService: API Response received (length: 570)
[2026-01-21 14:52:47] INFO: ItemLocationStockService: API Response preview (first 500 chars): [{"item_code":"SKU-HAT-301-RED-OS","warehouse":"WH-MAIN","bin_location":"A1-R02-L2-B2","location_id":"A1-R02-L2-B2","zone":"Zone A","aisle":"Aisle 01","rack":"Rack 02","level":"2","bin":"B2","carton_id":"CTN-555444","cartons":[{"carton_id":"CTN-555444","qty":110,"status":"PUTAWAY"}],"total_qty":110,"reserved_qty":0,"blocked_qty":0,"available_qty":110,"calculation_log":["Calculation: 110 (total) - 0 (reserved) - 0 (blocked) = 110 (available)"],"last_transaction_date":null,"last_transaction_type":
[2026-01-21 14:52:47] INFO: ItemLocationStockService: Received 1 location(s) from API
[2026-01-21 14:52:47] INFO: ItemLocationStockService: First location - BinLocation: A1-R02-L2-B2, LocationId: A1-R02-L2-B2, TotalQty: 110, AvailableQty: 110, Cartons: 1
[2026-01-21 14:52:47] INFO: ItemLocationBreakdownViewModel: Found 1 location(s) in warehouse 'WH-MAIN' via API
[2026-01-21 14:52:47] INFO: ItemLocationBreakdownViewModel: Processing 1 location(s) from API for SKU-HAT-301-RED-OS in warehouse 'WH-MAIN'
[2026-01-21 14:52:47] INFO: ItemLocationBreakdownViewModel: First location from API - BinLocation: A1-R02-L2-B2, LocationId: A1-R02-L2-B2, TotalQty: 110, AvailableQty: 110, Cartons: 1
[2026-01-21 14:52:47] INFO: ItemLocationBreakdownViewModel: Processed 1 location detail(s) from API
[2026-01-21 14:52:47] INFO: ItemLocationBreakdownViewModel: Cleared locations collection, current count: 0
[2026-01-21 14:52:47] INFO: ItemLocationBreakdownViewModel: Added location A1-R02-L2-B2 (Zone: Zone A, Rack: Rack 02, Bin: B2, Carton: CTN-555444, Available Qty: 110)
[2026-01-21 14:52:47] INFO: ItemLocationBreakdownViewModel: Final count - Added 1 locations, Total Available Qty: 110, Collection Count: 1
[2026-01-21 14:52:53] INFO: TransactionHistoryViewModel: Loading data with filters - FromDate: 2025-10-23, ToDate: 2026-01-22
[2026-01-21 14:52:53] INFO: TransactionHistoryService: Calling API: http://localhost:3000/api/transaction-history?from_date=2025-10-23&to_date=2026-01-22&limit=1000
[2026-01-21 14:52:55] INFO: TransactionHistoryService: API Response received (length: 4674)
[2026-01-21 14:52:55] INFO: TransactionHistoryService: API Response preview (first 1000 chars): {"ok":true,"data":[{"id":32,"transaction_id":24,"transaction_number":"TXN-20260121-00024","transaction_date":"2026-01-21T11:40:45.000Z","transaction_type":"CycleCount","reference_doc_type":"Cycle Count Task","reference_doc":"CC-A1-R02-L2-B2-MKNY9ZJY","wms_transaction_title":null,"item_code":"SKU-JACKET-201-BLK-L","item_name":"Winter Jacket Black L","warehouse":"WH-MAIN","warehouse_name":"Main Warehouse","bin_location":"A1-R02-L2-B2","location_id":"A1-R02-L2-B2","carton_id":"CTN-555444","batch_no":null,"serial_no":null,"qty_change":100,"qty_before":0,"qty_after":100,"stock_direction":"IN","source_bin":"A1-R02-L2-B2","target_bin":"A1-R02-L2-B2","performed_by":"USER-402498","performed_by_name":null,"notes":null,"reason_code":null,"status":null,"created_at":"2026-01-21T11:40:45.000Z"},{"id":31,"transaction_id":23,"transaction_number":"TXN-20260121-00023","transaction_date":"2026-01-21T11:40:45.000Z","transaction_type":"CycleCount","reference_doc_type":"Cycle Count Task","reference_doc":"CC
[2026-01-21 14:52:55] INFO: TransactionHistoryService: Data element type: Array, Array length: 6
[2026-01-21 14:52:55] INFO: TransactionHistoryService: Sample transaction from API (first 500 chars): {"id":32,"transaction_id":24,"transaction_number":"TXN-20260121-00024","transaction_date":"2026-01-21T11:40:45.000Z","transaction_type":"CycleCount","reference_doc_type":"Cycle Count Task","reference_doc":"CC-A1-R02-L2-B2-MKNY9ZJY","wms_transaction_title":null,"item_code":"SKU-JACKET-201-BLK-L","item_name":"Winter Jacket Black L","warehouse":"WH-MAIN","warehouse_name":"Main Warehouse","bin_location":"A1-R02-L2-B2","location_id":"A1-R02-L2-B2","carton_id":"CTN-555444","batch_no":null,"serial_no":
[2026-01-21 14:52:55] INFO: TransactionHistoryService: Deserialized first transaction - ID: 32, TransactionNumber: TXN-20260121-00024, TransactionDate: 2026-01-21 11:40:45, ItemCode: SKU-JACKET-201-BLK-L, TransactionType: CycleCount, QtyChange: 100, QtyBefore: 0, QtyAfter: 100
[2026-01-21 14:52:55] INFO: TransactionHistoryService: Parsed 6 transactions from API response
[2026-01-21 14:52:55] INFO: TransactionHistoryViewModel: Service returned 6 transactions
[2026-01-21 14:52:55] INFO: TransactionHistoryViewModel: Adding 6 transactions to collection on UI thread
[2026-01-21 14:52:55] INFO: TransactionHistoryViewModel: First transaction - ID: 32, TransactionNumber: TXN-20260121-00024, TransactionDate: 2026-01-21 11:40:45, ItemCode: SKU-JACKET-201-BLK-L, TransactionType: CycleCount
[2026-01-21 14:52:55] INFO: TransactionHistoryViewModel: Added 6 transactions to ObservableCollection on UI thread
[2026-01-21 14:52:55] INFO: TransactionHistoryViewModel: Loaded 6 transactions into UI collection
[2026-01-21 14:54:53] INFO: ASN ASN-365425479 Carton ASN-365425479: Assigned=Received, Actual=Received, ReceivedQty=25
[2026-01-21 14:54:53] INFO: ASN ASN-365425479 Carton ASN-365425479: Assigned=Received, Actual=Received, ReceivedQty=25
[2026-01-21 14:54:58] INFO: TransferCartonListView: Loaded event fired
[2026-01-21 14:54:58] INFO: TransferCartonListView: Calling RefreshAsync on ViewModel
[2026-01-21 14:54:58] INFO: TransferCartonListViewModel: Starting to load transfer cartons
[2026-01-21 14:54:58] INFO: Loading Transfer Cartons from database...
[2026-01-21 14:54:58] INFO: TransferCartonDataService: Starting schema detection
[2026-01-21 14:54:58] INFO: TransferCartonDataService: Found column 'asn_no'
[2026-01-21 14:54:58] INFO: TransferCartonDataService: Found column 'to_no'
[2026-01-21 14:54:58] INFO: TransferCartonDataService: Returning - AsnColumn=asn_no, ToColumn=to_no
[2026-01-21 14:54:58] INFO: Detected schema: AsnColumn=asn_no, ToColumn=to_no
[2026-01-21 14:54:58] INFO: Executing query: SELECT tc_id, status, asn_no, to_no, store, 
                               created_by, created_on, sealed_by, sealed_on, dispatched_on, remarks
                        FROM tabTransferCarton
                        ORDER BY created_on DESC, tc_id
[2026-01-21 14:54:58] INFO: Loaded 0 transfer cartons from database
[2026-01-21 14:54:58] INFO: TransferCartonListViewModel: Received 0 transfer cartons from service
[2026-01-21 14:54:58] INFO: TransferCartonListViewModel: Added 0 transfer cartons to collection
[2026-01-21 14:54:58] INFO: TransferCartonListView: RefreshAsync completed
[2026-01-21 14:54:59] INFO: PutawayTaskDataService: Loaded task PUT-20260121-0001 with status Completed
[2026-01-21 14:54:59] INFO: PutawayTaskDataService: Loaded task PUT-20260121-0002 with status Open
[2026-01-21 14:54:59] INFO: PutawayTaskDataService: SQL Query: SELECT pl.parent_title, pl.carton_id, pl.item_code, SUM(pl.qty) as qty, pl.rack, pl.bin, pl.location_id
                         FROM tabPutawayLine pl
                         WHERE pl.parent_title IN (@title0,@title1)
                         GROUP BY pl.parent_title, pl.carton_id, pl.item_code, pl.rack, pl.bin, pl.location_id
                         ORDER BY pl.parent_title, pl.item_code
[2026-01-21 14:54:59] INFO: PutawayTaskDataService: Querying lines for 2 tasks: PUT-20260121-0001, PUT-20260121-0002
[2026-01-21 14:54:59] INFO: PutawayTaskDataService: Read 4 lines, now looking up location_ids from tabLocation
[2026-01-21 14:54:59] INFO: PutawayTaskDataService: Added line for PUT-20260121-0001: SKU-HAT-301-BLU-OS (Qty: 2, Carton: CTN-TI-123457-20260121-143733-370)
[2026-01-21 14:54:59] INFO: PutawayTaskDataService: Added line for PUT-20260121-0001: SKU-HAT-301-GRN-OS (Qty: 2, Carton: CTN-TI-123457-20260121-143733-370)
[2026-01-21 14:54:59] INFO: PutawayTaskDataService: Added line for PUT-20260121-0002: SKU-HAT-301-BLU-OS (Qty: 25, Carton: PAW-ASN365425479-1768995821165)
[2026-01-21 14:54:59] INFO: PutawayTaskDataService: Added line for PUT-20260121-0002: SKU-HAT-301-GRN-OS (Qty: 25, Carton: PAW-ASN365425479-1768995821165)
[2026-01-21 14:54:59] INFO: PutawayTaskDataService: Total lines read from database: 8, Unique parent titles with lines: 2
[2026-01-21 14:54:59] INFO: PutawayTaskDataService: Task PUT-20260121-0001 has 2 line(s)
[2026-01-21 14:54:59] INFO: PutawayTaskDataService: Task PUT-20260121-0002 has 2 line(s)
[2026-01-21 14:54:59] INFO: PutawayTaskDataService: Total tasks loaded: 2
[2026-01-21 14:54:59] INFO: PutawayTaskListViewModel: Loaded 2 putaway tasks from database, 2 unique tasks displayed
[2026-01-21 15:07:39] INFO: TransferCartonListView: Loaded event fired
[2026-01-21 15:07:39] INFO: TransferCartonListView: Calling RefreshAsync on ViewModel
[2026-01-21 15:07:39] INFO: TransferCartonListViewModel: Starting to load transfer cartons
[2026-01-21 15:07:39] INFO: Loading Transfer Cartons from database...
[2026-01-21 15:07:39] INFO: TransferCartonDataService: Starting schema detection
[2026-01-21 15:07:39] INFO: TransferCartonDataService: Found column 'asn_no'
[2026-01-21 15:07:39] INFO: TransferCartonDataService: Found column 'to_no'
[2026-01-21 15:07:39] INFO: TransferCartonDataService: Returning - AsnColumn=asn_no, ToColumn=to_no
[2026-01-21 15:07:39] INFO: Detected schema: AsnColumn=asn_no, ToColumn=to_no
[2026-01-21 15:07:39] INFO: Executing query: SELECT tc_id, status, asn_no, to_no, store, 
                               created_by, created_on, sealed_by, sealed_on, dispatched_on, remarks
                        FROM tabTransferCarton
                        ORDER BY created_on DESC, tc_id
[2026-01-21 15:07:39] INFO: Loaded 0 transfer cartons from database
[2026-01-21 15:07:39] INFO: TransferCartonListViewModel: Received 0 transfer cartons from service
[2026-01-21 15:07:39] INFO: TransferCartonListViewModel: Added 0 transfer cartons to collection
[2026-01-21 15:07:39] INFO: TransferCartonListView: RefreshAsync completed
[2026-01-21 15:07:39] INFO: PutawayTaskDataService: Loaded task PUT-20260121-0001 with status Completed
[2026-01-21 15:07:39] INFO: PutawayTaskDataService: Loaded task PUT-20260121-0002 with status Completed
[2026-01-21 15:07:39] INFO: PutawayTaskDataService: SQL Query: SELECT pl.parent_title, pl.carton_id, pl.item_code, SUM(pl.qty) as qty, pl.rack, pl.bin, pl.location_id
                         FROM tabPutawayLine pl
                         WHERE pl.parent_title IN (@title0,@title1)
                         GROUP BY pl.parent_title, pl.carton_id, pl.item_code, pl.rack, pl.bin, pl.location_id
                         ORDER BY pl.parent_title, pl.item_code
[2026-01-21 15:07:39] INFO: PutawayTaskDataService: Querying lines for 2 tasks: PUT-20260121-0001, PUT-20260121-0002
[2026-01-21 15:07:39] INFO: PutawayTaskDataService: Read 4 lines, now looking up location_ids from tabLocation
[2026-01-21 15:07:39] INFO: PutawayTaskDataService: Added line for PUT-20260121-0001: SKU-HAT-301-BLU-OS (Qty: 2, Carton: CTN-TI-123457-20260121-143733-370)
[2026-01-21 15:07:39] INFO: PutawayTaskDataService: Added line for PUT-20260121-0001: SKU-HAT-301-GRN-OS (Qty: 2, Carton: CTN-TI-123457-20260121-143733-370)
[2026-01-21 15:07:39] INFO: PutawayTaskDataService: Added line for PUT-20260121-0002: SKU-HAT-301-BLU-OS (Qty: 25, Carton: PAW-ASN365425479-1768995821165)
[2026-01-21 15:07:39] INFO: PutawayTaskDataService: Added line for PUT-20260121-0002: SKU-HAT-301-GRN-OS (Qty: 25, Carton: PAW-ASN365425479-1768995821165)
[2026-01-21 15:07:39] INFO: PutawayTaskDataService: Total lines read from database: 8, Unique parent titles with lines: 2
[2026-01-21 15:07:39] INFO: PutawayTaskDataService: Task PUT-20260121-0001 has 2 line(s)
[2026-01-21 15:07:39] INFO: PutawayTaskDataService: Task PUT-20260121-0002 has 2 line(s)
[2026-01-21 15:07:39] INFO: PutawayTaskDataService: Total tasks loaded: 2
[2026-01-21 15:07:39] INFO: PutawayTaskListViewModel: Loaded 2 putaway tasks from database, 2 unique tasks displayed
[2026-01-21 15:08:41] INFO: TransactionHistoryViewModel: Loading data with filters - FromDate: 2025-10-23, ToDate: 2026-01-22
[2026-01-21 15:08:41] INFO: TransactionHistoryService: Calling API: http://localhost:3000/api/transaction-history?from_date=2025-10-23&to_date=2026-01-22&limit=1000
[2026-01-21 15:08:43] INFO: TransactionHistoryService: API Response received (length: 6227)
[2026-01-21 15:08:43] INFO: TransactionHistoryService: API Response preview (first 1000 chars): {"ok":true,"data":[{"id":34,"transaction_id":26,"transaction_number":"TXN-20260121-00026","transaction_date":"2026-01-21T12:07:17.000Z","transaction_type":"Putaway","reference_doc_type":"Putaway Task","reference_doc":"PUT-20260121-0002","wms_transaction_title":null,"item_code":"SKU-HAT-301-GRN-OS","item_name":"Baseball Cap Green One Size","warehouse":"WH-MAIN","warehouse_name":"Main Warehouse","bin_location":"A1-R01-L3-B1","location_id":"A1-R01-L3-B1","carton_id":"PAW-ASN365425479-1768995821165","batch_no":null,"serial_no":null,"qty_change":25,"qty_before":0,"qty_after":25,"stock_direction":"IN","source_bin":"STAGE-01","target_bin":"A1-R01-L3-B1","performed_by":"USER-402498","performed_by_name":null,"notes":null,"reason_code":null,"status":null,"created_at":"2026-01-21T12:07:17.000Z"},{"id":33,"transaction_id":25,"transaction_number":"TXN-20260121-00025","transaction_date":"2026-01-21T12:07:17.000Z","transaction_type":"Putaway","reference_doc_type":"Putaway Task","reference_doc":"PUT-2
[2026-01-21 15:08:43] INFO: TransactionHistoryService: Data element type: Array, Array length: 8
[2026-01-21 15:08:43] INFO: TransactionHistoryService: Sample transaction from API (first 500 chars): {"id":34,"transaction_id":26,"transaction_number":"TXN-20260121-00026","transaction_date":"2026-01-21T12:07:17.000Z","transaction_type":"Putaway","reference_doc_type":"Putaway Task","reference_doc":"PUT-20260121-0002","wms_transaction_title":null,"item_code":"SKU-HAT-301-GRN-OS","item_name":"Baseball Cap Green One Size","warehouse":"WH-MAIN","warehouse_name":"Main Warehouse","bin_location":"A1-R01-L3-B1","location_id":"A1-R01-L3-B1","carton_id":"PAW-ASN365425479-1768995821165","batch_no":null,"s
[2026-01-21 15:08:43] INFO: TransactionHistoryService: Deserialized first transaction - ID: 34, TransactionNumber: TXN-20260121-00026, TransactionDate: 2026-01-21 12:07:17, ItemCode: SKU-HAT-301-GRN-OS, TransactionType: Putaway, QtyChange: 25, QtyBefore: 0, QtyAfter: 25
[2026-01-21 15:08:43] INFO: TransactionHistoryService: Parsed 8 transactions from API response
[2026-01-21 15:08:43] INFO: TransactionHistoryViewModel: Service returned 8 transactions
[2026-01-21 15:08:43] INFO: TransactionHistoryViewModel: Adding 8 transactions to collection on UI thread
[2026-01-21 15:08:43] INFO: TransactionHistoryViewModel: First transaction - ID: 34, TransactionNumber: TXN-20260121-00026, TransactionDate: 2026-01-21 12:07:17, ItemCode: SKU-HAT-301-GRN-OS, TransactionType: Putaway
[2026-01-21 15:08:43] INFO: TransactionHistoryViewModel: Added 8 transactions to ObservableCollection on UI thread
[2026-01-21 15:08:43] INFO: TransactionHistoryViewModel: Loaded 8 transactions into UI collection
[2026-01-21 15:09:24] INFO: ASN ASN-365425479 Carton ASN-365425479: Assigned=Received, Actual=Received, ReceivedQty=25
[2026-01-21 15:09:24] INFO: ASN ASN-365425479 Carton ASN-365425479: Assigned=Received, Actual=Received, ReceivedQty=25
[2026-01-21 15:11:18] INFO: TransactionHistoryViewModel: Loading data with filters - FromDate: 2025-10-23, ToDate: 2026-01-22
[2026-01-21 15:11:18] INFO: TransactionHistoryService: Calling API: http://localhost:3000/api/transaction-history?from_date=2025-10-23&to_date=2026-01-22&limit=1000
[2026-01-21 15:11:20] INFO: TransactionHistoryService: API Response received (length: 6227)
[2026-01-21 15:11:20] INFO: TransactionHistoryService: API Response preview (first 1000 chars): {"ok":true,"data":[{"id":34,"transaction_id":26,"transaction_number":"TXN-20260121-00026","transaction_date":"2026-01-21T12:07:17.000Z","transaction_type":"Putaway","reference_doc_type":"Putaway Task","reference_doc":"PUT-20260121-0002","wms_transaction_title":null,"item_code":"SKU-HAT-301-GRN-OS","item_name":"Baseball Cap Green One Size","warehouse":"WH-MAIN","warehouse_name":"Main Warehouse","bin_location":"A1-R01-L3-B1","location_id":"A1-R01-L3-B1","carton_id":"PAW-ASN365425479-1768995821165","batch_no":null,"serial_no":null,"qty_change":25,"qty_before":0,"qty_after":25,"stock_direction":"IN","source_bin":"STAGE-01","target_bin":"A1-R01-L3-B1","performed_by":"USER-402498","performed_by_name":null,"notes":null,"reason_code":null,"status":null,"created_at":"2026-01-21T12:07:17.000Z"},{"id":33,"transaction_id":25,"transaction_number":"TXN-20260121-00025","transaction_date":"2026-01-21T12:07:17.000Z","transaction_type":"Putaway","reference_doc_type":"Putaway Task","reference_doc":"PUT-2
[2026-01-21 15:11:20] INFO: TransactionHistoryService: Data element type: Array, Array length: 8
[2026-01-21 15:11:20] INFO: TransactionHistoryService: Sample transaction from API (first 500 chars): {"id":34,"transaction_id":26,"transaction_number":"TXN-20260121-00026","transaction_date":"2026-01-21T12:07:17.000Z","transaction_type":"Putaway","reference_doc_type":"Putaway Task","reference_doc":"PUT-20260121-0002","wms_transaction_title":null,"item_code":"SKU-HAT-301-GRN-OS","item_name":"Baseball Cap Green One Size","warehouse":"WH-MAIN","warehouse_name":"Main Warehouse","bin_location":"A1-R01-L3-B1","location_id":"A1-R01-L3-B1","carton_id":"PAW-ASN365425479-1768995821165","batch_no":null,"s
[2026-01-21 15:11:20] INFO: TransactionHistoryService: Deserialized first transaction - ID: 34, TransactionNumber: TXN-20260121-00026, TransactionDate: 2026-01-21 12:07:17, ItemCode: SKU-HAT-301-GRN-OS, TransactionType: Putaway, QtyChange: 25, QtyBefore: 0, QtyAfter: 25
[2026-01-21 15:11:20] INFO: TransactionHistoryService: Parsed 8 transactions from API response
[2026-01-21 15:11:20] INFO: TransactionHistoryViewModel: Service returned 8 transactions
[2026-01-21 15:11:20] INFO: TransactionHistoryViewModel: Adding 8 transactions to collection on UI thread
[2026-01-21 15:11:20] INFO: TransactionHistoryViewModel: First transaction - ID: 34, TransactionNumber: TXN-20260121-00026, TransactionDate: 2026-01-21 12:07:17, ItemCode: SKU-HAT-301-GRN-OS, TransactionType: Putaway
[2026-01-21 15:11:20] INFO: TransactionHistoryViewModel: Added 8 transactions to ObservableCollection on UI thread
[2026-01-21 15:11:20] INFO: TransactionHistoryViewModel: Loaded 8 transactions into UI collection
[2026-01-21 15:13:22] INFO: TransactionHistoryViewModel: Loading data with filters - FromDate: 2025-10-23, ToDate: 2026-01-22
[2026-01-21 15:13:22] INFO: TransactionHistoryService: Calling API: http://localhost:3000/api/transaction-history?from_date=2025-10-23&to_date=2026-01-22&limit=1000
[2026-01-21 15:13:24] INFO: TransactionHistoryService: API Response received (length: 6227)
[2026-01-21 15:13:24] INFO: TransactionHistoryService: API Response preview (first 1000 chars): {"ok":true,"data":[{"id":34,"transaction_id":26,"transaction_number":"TXN-20260121-00026","transaction_date":"2026-01-21T12:07:17.000Z","transaction_type":"Putaway","reference_doc_type":"Putaway Task","reference_doc":"PUT-20260121-0002","wms_transaction_title":null,"item_code":"SKU-HAT-301-GRN-OS","item_name":"Baseball Cap Green One Size","warehouse":"WH-MAIN","warehouse_name":"Main Warehouse","bin_location":"A1-R01-L3-B1","location_id":"A1-R01-L3-B1","carton_id":"PAW-ASN365425479-1768995821165","batch_no":null,"serial_no":null,"qty_change":25,"qty_before":0,"qty_after":25,"stock_direction":"IN","source_bin":"STAGE-01","target_bin":"A1-R01-L3-B1","performed_by":"USER-402498","performed_by_name":null,"notes":null,"reason_code":null,"status":null,"created_at":"2026-01-21T12:07:17.000Z"},{"id":33,"transaction_id":25,"transaction_number":"TXN-20260121-00025","transaction_date":"2026-01-21T12:07:17.000Z","transaction_type":"Putaway","reference_doc_type":"Putaway Task","reference_doc":"PUT-2
[2026-01-21 15:13:24] INFO: TransactionHistoryService: Data element type: Array, Array length: 8
[2026-01-21 15:13:24] INFO: TransactionHistoryService: Sample transaction from API (first 500 chars): {"id":34,"transaction_id":26,"transaction_number":"TXN-20260121-00026","transaction_date":"2026-01-21T12:07:17.000Z","transaction_type":"Putaway","reference_doc_type":"Putaway Task","reference_doc":"PUT-20260121-0002","wms_transaction_title":null,"item_code":"SKU-HAT-301-GRN-OS","item_name":"Baseball Cap Green One Size","warehouse":"WH-MAIN","warehouse_name":"Main Warehouse","bin_location":"A1-R01-L3-B1","location_id":"A1-R01-L3-B1","carton_id":"PAW-ASN365425479-1768995821165","batch_no":null,"s
[2026-01-21 15:13:24] INFO: TransactionHistoryService: Deserialized first transaction - ID: 34, TransactionNumber: TXN-20260121-00026, TransactionDate: 2026-01-21 12:07:17, ItemCode: SKU-HAT-301-GRN-OS, TransactionType: Putaway, QtyChange: 25, QtyBefore: 0, QtyAfter: 25
[2026-01-21 15:13:24] INFO: TransactionHistoryService: Parsed 8 transactions from API response
[2026-01-21 15:13:24] INFO: TransactionHistoryViewModel: Service returned 8 transactions
[2026-01-21 15:13:24] INFO: TransactionHistoryViewModel: Adding 8 transactions to collection on UI thread
[2026-01-21 15:13:24] INFO: TransactionHistoryViewModel: First transaction - ID: 34, TransactionNumber: TXN-20260121-00026, TransactionDate: 2026-01-21 12:07:17, ItemCode: SKU-HAT-301-GRN-OS, TransactionType: Putaway
[2026-01-21 15:13:24] INFO: TransactionHistoryViewModel: Added 8 transactions to ObservableCollection on UI thread
[2026-01-21 15:13:24] INFO: TransactionHistoryViewModel: Loaded 8 transactions into UI collection
[2026-01-21 15:17:14] INFO: ItemLocationBreakdownViewModel: Refreshing location data for SKU-HAT-301-BLU-OS using API
[2026-01-21 15:17:14] INFO: ItemLocationBreakdownViewModel: Loading location data for SKU-HAT-301-BLU-OS, trying warehouses: WH-MAIN, Main Warehouse, WH-Main
[2026-01-21 15:17:14] INFO: ItemLocationStockService: Calling API: http://localhost:3000/api/stock/item/SKU-HAT-301-BLU-OS/warehouse/WH-MAIN?format=grouped
[2026-01-21 15:17:16] INFO: ItemLocationStockService: API Response received (length: 1382)
[2026-01-21 15:17:16] INFO: ItemLocationStockService: API Response preview (first 500 chars): [{"item_code":"SKU-HAT-301-BLU-OS","warehouse":"WH-MAIN","bin_location":"A1-R01-L3-B1","location_id":"A1-R01-L3-B1","zone":"Zone A","aisle":"Aisle 01","rack":"Rack 01","level":"3","bin":"B1","carton_id":"PAW-ASN365425479-1768995821165","cartons":[{"carton_id":"PAW-ASN365425479-1768995821165","qty":25,"status":"PUTAWAY"}],"total_qty":25,"reserved_qty":0,"blocked_qty":0,"available_qty":25,"calculation_log":["Calculation: 25 (total) - 0 (reserved) - 0 (blocked) = 25 (available)"],"last_transaction_
[2026-01-21 15:17:16] INFO: ItemLocationStockService: Received 2 location(s) from API
[2026-01-21 15:17:16] INFO: ItemLocationStockService: First location - BinLocation: A1-R01-L3-B1, LocationId: A1-R01-L3-B1, TotalQty: 25, AvailableQty: 25, Cartons: 1
[2026-01-21 15:17:16] INFO: ItemLocationBreakdownViewModel: Found 2 location(s) in warehouse 'WH-MAIN' via API
[2026-01-21 15:17:16] INFO: ItemLocationBreakdownViewModel: Processing 2 location(s) from API for SKU-HAT-301-BLU-OS in warehouse 'WH-MAIN'
[2026-01-21 15:17:16] INFO: ItemLocationBreakdownViewModel: First location from API - BinLocation: A1-R01-L3-B1, LocationId: A1-R01-L3-B1, TotalQty: 25, AvailableQty: 25, Cartons: 1
[2026-01-21 15:17:16] INFO: ItemLocationBreakdownViewModel: Processed 2 location detail(s) from API
[2026-01-21 15:17:16] INFO: ItemLocationBreakdownViewModel: Cleared locations collection, current count: 0
[2026-01-21 15:17:16] INFO: ItemLocationBreakdownViewModel: Added location A1-R01-L3-B1 (Zone: Zone A, Rack: Rack 01, Bin: B1, Carton: PAW-ASN365425479-1768995821165, Available Qty: 25)
[2026-01-21 15:17:16] INFO: ItemLocationBreakdownViewModel: Added location A1-R01-L4-B1 (Zone: Zone A, Rack: Rack 01, Bin: B1, Carton: CTN-TI-123457-20260121-143733-370, Available Qty: 2)
[2026-01-21 15:17:16] INFO: ItemLocationBreakdownViewModel: Final count - Added 2 locations, Total Available Qty: 27, Collection Count: 2
[2026-01-21 15:24:51] INFO: ItemLocationBreakdownViewModel: Refreshing location data for SKU-HAT-301-BLU-OS using API
[2026-01-21 15:24:51] INFO: ItemLocationBreakdownViewModel: Loading location data for SKU-HAT-301-BLU-OS, trying warehouses: WH-MAIN, Main Warehouse, WH-Main
[2026-01-21 15:24:51] INFO: ItemLocationStockService: Calling API: http://localhost:3000/api/stock/item/SKU-HAT-301-BLU-OS/warehouse/WH-MAIN?format=grouped
[2026-01-21 15:24:53] INFO: ItemLocationStockService: API Response received (length: 1382)
[2026-01-21 15:24:53] INFO: ItemLocationStockService: API Response preview (first 500 chars): [{"item_code":"SKU-HAT-301-BLU-OS","warehouse":"WH-MAIN","bin_location":"A1-R01-L3-B1","location_id":"A1-R01-L3-B1","zone":"Zone A","aisle":"Aisle 01","rack":"Rack 01","level":"3","bin":"B1","carton_id":"PAW-ASN365425479-1768995821165","cartons":[{"carton_id":"PAW-ASN365425479-1768995821165","qty":25,"status":"PUTAWAY"}],"total_qty":25,"reserved_qty":0,"blocked_qty":0,"available_qty":25,"calculation_log":["Calculation: 25 (total) - 0 (reserved) - 0 (blocked) = 25 (available)"],"last_transaction_
[2026-01-21 15:24:53] INFO: ItemLocationStockService: Received 2 location(s) from API
[2026-01-21 15:24:53] INFO: ItemLocationStockService: First location - BinLocation: A1-R01-L3-B1, LocationId: A1-R01-L3-B1, TotalQty: 25, AvailableQty: 25, Cartons: 1
[2026-01-21 15:24:53] INFO: ItemLocationBreakdownViewModel: Found 2 location(s) in warehouse 'WH-MAIN' via API
[2026-01-21 15:24:53] INFO: ItemLocationBreakdownViewModel: Processing 2 location(s) from API for SKU-HAT-301-BLU-OS in warehouse 'WH-MAIN'
[2026-01-21 15:24:53] INFO: ItemLocationBreakdownViewModel: First location from API - BinLocation: A1-R01-L3-B1, LocationId: A1-R01-L3-B1, TotalQty: 25, AvailableQty: 25, Cartons: 1
[2026-01-21 15:24:53] INFO: ItemLocationBreakdownViewModel: Processed 2 location detail(s) from API
[2026-01-21 15:24:53] INFO: ItemLocationBreakdownViewModel: Cleared locations collection, current count: 0
[2026-01-21 15:24:53] INFO: ItemLocationBreakdownViewModel: Added location A1-R01-L3-B1 (Zone: Zone A, Rack: Rack 01, Bin: B1, Carton: PAW-ASN365425479-1768995821165, Available Qty: 25)
[2026-01-21 15:24:53] INFO: ItemLocationBreakdownViewModel: Added location A1-R01-L4-B1 (Zone: Zone A, Rack: Rack 01, Bin: B1, Carton: CTN-TI-123457-20260121-143733-370, Available Qty: 2)
[2026-01-21 15:24:53] INFO: ItemLocationBreakdownViewModel: Final count - Added 2 locations, Total Available Qty: 27, Collection Count: 2
[2026-01-21 15:26:48] INFO: ItemLocationBreakdownViewModel: Refreshing location data for SKU-JACKET-201-BLK-L using API
[2026-01-21 15:26:48] INFO: ItemLocationBreakdownViewModel: Loading location data for SKU-JACKET-201-BLK-L, trying warehouses: WH-MAIN, Main Warehouse, WH-Main
[2026-01-21 15:26:48] INFO: ItemLocationStockService: Calling API: http://localhost:3000/api/stock/item/SKU-JACKET-201-BLK-L/warehouse/WH-MAIN?format=grouped
[2026-01-21 15:26:50] INFO: ItemLocationStockService: API Response received (length: 572)
[2026-01-21 15:26:50] INFO: ItemLocationStockService: API Response preview (first 500 chars): [{"item_code":"SKU-JACKET-201-BLK-L","warehouse":"WH-MAIN","bin_location":"A1-R02-L2-B2","location_id":"A1-R02-L2-B2","zone":"Zone A","aisle":"Aisle 01","rack":"Rack 02","level":"2","bin":"B2","carton_id":"CTN-555444","cartons":[{"carton_id":"CTN-555444","qty":100,"status":"PUTAWAY"}],"total_qty":100,"reserved_qty":0,"blocked_qty":0,"available_qty":100,"calculation_log":["Calculation: 100 (total) - 0 (reserved) - 0 (blocked) = 100 (available)"],"last_transaction_date":null,"last_transaction_type
[2026-01-21 15:26:50] INFO: ItemLocationStockService: Received 1 location(s) from API
[2026-01-21 15:26:50] INFO: ItemLocationStockService: First location - BinLocation: A1-R02-L2-B2, LocationId: A1-R02-L2-B2, TotalQty: 100, AvailableQty: 100, Cartons: 1
[2026-01-21 15:26:50] INFO: ItemLocationBreakdownViewModel: Found 1 location(s) in warehouse 'WH-MAIN' via API
[2026-01-21 15:26:50] INFO: ItemLocationBreakdownViewModel: Processing 1 location(s) from API for SKU-JACKET-201-BLK-L in warehouse 'WH-MAIN'
[2026-01-21 15:26:50] INFO: ItemLocationBreakdownViewModel: First location from API - BinLocation: A1-R02-L2-B2, LocationId: A1-R02-L2-B2, TotalQty: 100, AvailableQty: 100, Cartons: 1
[2026-01-21 15:26:50] INFO: ItemLocationBreakdownViewModel: Processed 1 location detail(s) from API
[2026-01-21 15:26:50] INFO: ItemLocationBreakdownViewModel: Cleared locations collection, current count: 0
[2026-01-21 15:26:50] INFO: ItemLocationBreakdownViewModel: Added location A1-R02-L2-B2 (Zone: Zone A, Rack: Rack 02, Bin: B2, Carton: CTN-555444, Available Qty: 100)
[2026-01-21 15:26:50] INFO: ItemLocationBreakdownViewModel: Final count - Added 1 locations, Total Available Qty: 100, Collection Count: 1
