[2026-01-06 19:57:05] ERROR: Error completing Cycle Count Task CC-A1-R01-L1-B1-13BCFD6A
Exception Type: HttpRequestException
Exception Message: The requested name is valid, but no data of the requested type was found. (erpnext.printechs.example.com:443)
Stack Trace:    at System.Net.Http.HttpConnectionPool.ConnectToTcpHostAsync(String host, Int32 port, HttpRequestMessage initialRequest, Boolean async, CancellationToken cancellationToken)
   at System.Net.Http.HttpConnectionPool.ConnectAsync(HttpRequestMessage request, Boolean async, CancellationToken cancellationToken)
   at System.Net.Http.HttpConnectionPool.CreateHttp11ConnectionAsync(HttpRequestMessage request, Boolean async, CancellationToken cancellationToken)
   at System.Net.Http.HttpConnectionPool.AddHttp11ConnectionAsync(QueueItem queueItem)
   at System.Threading.Tasks.TaskCompletionSourceWithCancellation`1.WaitWithCancellationAsync(CancellationToken cancellationToken)
   at System.Net.Http.HttpConnectionPool.SendWithVersionDetectionAndRetryAsync(HttpRequestMessage request, Boolean async, Boolean doRequestAuth, CancellationToken cancellationToken)
   at System.Net.Http.RedirectHandler.SendAsync(HttpRequestMessage request, Boolean async, CancellationToken cancellationToken)
   at System.Net.Http.HttpClient.<SendAsync>g__Core|83_0(HttpRequestMessage request, HttpCompletionOption completionOption, CancellationTokenSource cts, Boolean disposeCts, CancellationTokenSource pendingRequestsCts, CancellationToken originalCancellationToken)
   at Wms.Desktop.Services.CycleCountApiService.CompleteCycleCountAsync(WmsSettings settings, String title) in D:\Development Project\Printechs WMS\Wms.Desktop\Services\CycleCountApiService.cs:line 111
Inner Exception: The requested name is valid, but no data of the requested type was found.
--------------------------------------------------------------------------------
[2026-01-06 20:09:39] ERROR: Error completing Cycle Count Task CC-A1-R01-L1-B1-13BCFD6A
Exception Type: HttpRequestException
Exception Message: The requested name is valid, but no data of the requested type was found. (erpnext.printechs.example.com:443)
Stack Trace:    at System.Net.Http.HttpConnectionPool.ConnectToTcpHostAsync(String host, Int32 port, HttpRequestMessage initialRequest, Boolean async, CancellationToken cancellationToken)
   at System.Net.Http.HttpConnectionPool.ConnectAsync(HttpRequestMessage request, Boolean async, CancellationToken cancellationToken)
   at System.Net.Http.HttpConnectionPool.CreateHttp11ConnectionAsync(HttpRequestMessage request, Boolean async, CancellationToken cancellationToken)
   at System.Net.Http.HttpConnectionPool.AddHttp11ConnectionAsync(QueueItem queueItem)
   at System.Threading.Tasks.TaskCompletionSourceWithCancellation`1.WaitWithCancellationAsync(CancellationToken cancellationToken)
   at System.Net.Http.HttpConnectionPool.SendWithVersionDetectionAndRetryAsync(HttpRequestMessage request, Boolean async, Boolean doRequestAuth, CancellationToken cancellationToken)
   at System.Net.Http.RedirectHandler.SendAsync(HttpRequestMessage request, Boolean async, CancellationToken cancellationToken)
   at System.Net.Http.HttpClient.<SendAsync>g__Core|83_0(HttpRequestMessage request, HttpCompletionOption completionOption, CancellationTokenSource cts, Boolean disposeCts, CancellationTokenSource pendingRequestsCts, CancellationToken originalCancellationToken)
   at Wms.Desktop.Services.CycleCountApiService.CompleteCycleCountAsync(WmsSettings settings, String title) in D:\Development Project\Printechs WMS\Wms.Desktop\Services\CycleCountApiService.cs:line 111
Inner Exception: The requested name is valid, but no data of the requested type was found.
--------------------------------------------------------------------------------
[2026-01-06 20:12:36] ERROR: Error completing Cycle Count Task CC-A1-R01-L1-B1-0166CDED
Exception Type: HttpRequestException
Exception Message: The requested name is valid, but no data of the requested type was found. (erpnext.printechs.example.com:443)
Stack Trace:    at System.Net.Http.HttpConnectionPool.ConnectToTcpHostAsync(String host, Int32 port, HttpRequestMessage initialRequest, Boolean async, CancellationToken cancellationToken)
   at System.Net.Http.HttpConnectionPool.ConnectAsync(HttpRequestMessage request, Boolean async, CancellationToken cancellationToken)
   at System.Net.Http.HttpConnectionPool.CreateHttp11ConnectionAsync(HttpRequestMessage request, Boolean async, CancellationToken cancellationToken)
   at System.Net.Http.HttpConnectionPool.AddHttp11ConnectionAsync(QueueItem queueItem)
   at System.Threading.Tasks.TaskCompletionSourceWithCancellation`1.WaitWithCancellationAsync(CancellationToken cancellationToken)
   at System.Net.Http.HttpConnectionPool.SendWithVersionDetectionAndRetryAsync(HttpRequestMessage request, Boolean async, Boolean doRequestAuth, CancellationToken cancellationToken)
   at System.Net.Http.RedirectHandler.SendAsync(HttpRequestMessage request, Boolean async, CancellationToken cancellationToken)
   at System.Net.Http.HttpClient.<SendAsync>g__Core|83_0(HttpRequestMessage request, HttpCompletionOption completionOption, CancellationTokenSource cts, Boolean disposeCts, CancellationTokenSource pendingRequestsCts, CancellationToken originalCancellationToken)
   at Wms.Desktop.Services.CycleCountApiService.CompleteCycleCountAsync(WmsSettings settings, String title) in D:\Development Project\Printechs WMS\Wms.Desktop\Services\CycleCountApiService.cs:line 111
Inner Exception: The requested name is valid, but no data of the requested type was found.
--------------------------------------------------------------------------------
[2026-01-06 20:13:03] INFO: Loading WMS Transactions from database...
[2026-01-06 20:13:03] INFO: Loaded 19 WMS Transactions from database
[2026-01-06 20:59:03] ERROR: Error submitting Cycle Count Task CC-A1-R01-L1-B1-2B364C8D
Exception Type: HttpRequestException
Exception Message: The requested name is valid, but no data of the requested type was found. (erpnext.printechs.example.com:443)
Stack Trace:    at System.Net.Http.HttpConnectionPool.ConnectToTcpHostAsync(String host, Int32 port, HttpRequestMessage initialRequest, Boolean async, CancellationToken cancellationToken)
   at System.Net.Http.HttpConnectionPool.ConnectAsync(HttpRequestMessage request, Boolean async, CancellationToken cancellationToken)
   at System.Net.Http.HttpConnectionPool.CreateHttp11ConnectionAsync(HttpRequestMessage request, Boolean async, CancellationToken cancellationToken)
   at System.Net.Http.HttpConnectionPool.AddHttp11ConnectionAsync(QueueItem queueItem)
   at System.Threading.Tasks.TaskCompletionSourceWithCancellation`1.WaitWithCancellationAsync(CancellationToken cancellationToken)
   at System.Net.Http.HttpConnectionPool.SendWithVersionDetectionAndRetryAsync(HttpRequestMessage request, Boolean async, Boolean doRequestAuth, CancellationToken cancellationToken)
   at System.Net.Http.RedirectHandler.SendAsync(HttpRequestMessage request, Boolean async, CancellationToken cancellationToken)
   at System.Net.Http.HttpClient.<SendAsync>g__Core|83_0(HttpRequestMessage request, HttpCompletionOption completionOption, CancellationTokenSource cts, Boolean disposeCts, CancellationTokenSource pendingRequestsCts, CancellationToken originalCancellationToken)
   at Wms.Desktop.Services.CycleCountApiService.SubmitCycleCountAsync(WmsSettings settings, String title) in D:\Development Project\Printechs WMS\Wms.Desktop\Services\CycleCountApiService.cs:line 34
Inner Exception: The requested name is valid, but no data of the requested type was found.
--------------------------------------------------------------------------------
[2026-01-07 10:43:32] INFO: ItemLocationBreakdownViewModel: Loading location data for SKU-HAT-301-BLU-OS, trying warehouses: WH-MAIN, Main Warehouse, WH-Main
[2026-01-07 10:43:32] INFO: ItemLocationBreakdownViewModel: Found 1 entries in warehouse 'Main Warehouse'
[2026-01-07 10:43:32] INFO: ItemLocationBreakdownViewModel: Found 1 stock ledger entries for SKU-HAT-301-BLU-OS in warehouse 'Main Warehouse'
[2026-01-07 10:43:32] INFO: ItemLocationBreakdownViewModel: Direct match found location_id=A1-R01-L1-B1 for bin_location=A1-R01-L1-B1
[2026-01-07 10:43:32] INFO: ItemLocationBreakdownViewModel: Cleared locations collection, current count: 0
[2026-01-07 10:43:32] INFO: ItemLocationBreakdownViewModel: Added location A1-R01-L1-B1 (Zone: Zone A, Rack: Rack 01, Bin: B1, Qty: 4)
[2026-01-07 10:43:32] INFO: ItemLocationBreakdownViewModel: Final count - Added 1 locations, Total Qty: 4, Collection Count: 1
[2026-01-07 10:43:47] INFO: ItemLocationBreakdownViewModel: Loading location data for SKU-HAT-301-GRN-OS, trying warehouses: WH-MAIN, Main Warehouse, WH-Main
[2026-01-07 10:43:47] INFO: ItemLocationBreakdownViewModel: Found 1 entries in warehouse 'Main Warehouse'
[2026-01-07 10:43:47] INFO: ItemLocationBreakdownViewModel: Found 1 stock ledger entries for SKU-HAT-301-GRN-OS in warehouse 'Main Warehouse'
[2026-01-07 10:43:47] INFO: ItemLocationBreakdownViewModel: Direct match found location_id=A1-R01-L1-B1 for bin_location=A1-R01-L1-B1
[2026-01-07 10:43:47] INFO: ItemLocationBreakdownViewModel: Cleared locations collection, current count: 0
[2026-01-07 10:43:47] INFO: ItemLocationBreakdownViewModel: Added location A1-R01-L1-B1 (Zone: Zone A, Rack: Rack 01, Bin: B1, Qty: 2)
[2026-01-07 10:43:47] INFO: ItemLocationBreakdownViewModel: Final count - Added 1 locations, Total Qty: 2, Collection Count: 1
[2026-01-07 10:43:51] INFO: ItemLocationBreakdownViewModel: Loading location data for SKU-HAT-301-RED-OS, trying warehouses: WH-MAIN, Main Warehouse, WH-Main
[2026-01-07 10:43:51] INFO: ItemLocationBreakdownViewModel: Found 1 entries in warehouse 'Main Warehouse'
[2026-01-07 10:43:51] INFO: ItemLocationBreakdownViewModel: Found 1 stock ledger entries for SKU-HAT-301-RED-OS in warehouse 'Main Warehouse'
[2026-01-07 10:43:51] INFO: ItemLocationBreakdownViewModel: Direct match found location_id=A1-R01-L1-B1 for bin_location=A1-R01-L1-B1
[2026-01-07 10:43:51] INFO: ItemLocationBreakdownViewModel: Cleared locations collection, current count: 0
[2026-01-07 10:43:51] INFO: ItemLocationBreakdownViewModel: Added location A1-R01-L1-B1 (Zone: Zone A, Rack: Rack 01, Bin: B1, Qty: 2)
[2026-01-07 10:43:51] INFO: ItemLocationBreakdownViewModel: Final count - Added 1 locations, Total Qty: 2, Collection Count: 1
[2026-01-07 10:43:59] INFO: ItemLocationBreakdownViewModel: Loading location data for SKU-JACKET-201-BLK-L, trying warehouses: WH-MAIN, Main Warehouse, WH-Main
[2026-01-07 10:43:59] INFO: ItemLocationBreakdownViewModel: Found 1 entries in warehouse 'Main Warehouse'
[2026-01-07 10:43:59] INFO: ItemLocationBreakdownViewModel: Found 1 stock ledger entries for SKU-JACKET-201-BLK-L in warehouse 'Main Warehouse'
[2026-01-07 10:43:59] INFO: ItemLocationBreakdownViewModel: Direct match found location_id=A1-R01-L1-B1 for bin_location=A1-R01-L1-B1
[2026-01-07 10:43:59] INFO: ItemLocationBreakdownViewModel: Cleared locations collection, current count: 0
[2026-01-07 10:43:59] INFO: ItemLocationBreakdownViewModel: Added location A1-R01-L1-B1 (Zone: Zone A, Rack: Rack 01, Bin: B1, Qty: 2)
[2026-01-07 10:43:59] INFO: ItemLocationBreakdownViewModel: Final count - Added 1 locations, Total Qty: 2, Collection Count: 1
[2026-01-07 10:44:04] INFO: ItemLocationBreakdownViewModel: Loading location data for SKU-JACKET-201-BLK-M, trying warehouses: WH-MAIN, Main Warehouse, WH-Main
[2026-01-07 10:44:05] INFO: ItemLocationBreakdownViewModel: Found 1 entries in warehouse 'Main Warehouse'
[2026-01-07 10:44:05] INFO: ItemLocationBreakdownViewModel: Found 1 stock ledger entries for SKU-JACKET-201-BLK-M in warehouse 'Main Warehouse'
[2026-01-07 10:44:05] INFO: ItemLocationBreakdownViewModel: Direct match found location_id=A1-R01-L1-B1 for bin_location=A1-R01-L1-B1
[2026-01-07 10:44:05] INFO: ItemLocationBreakdownViewModel: Cleared locations collection, current count: 0
[2026-01-07 10:44:05] INFO: ItemLocationBreakdownViewModel: Added location A1-R01-L1-B1 (Zone: Zone A, Rack: Rack 01, Bin: B1, Qty: 2)
[2026-01-07 10:44:05] INFO: ItemLocationBreakdownViewModel: Final count - Added 1 locations, Total Qty: 2, Collection Count: 1
